Initialized native services in: /opt/gradle/.gradle/native
Initialized jansi services in: /opt/gradle/.gradle/native
The client will now receive all logging from the daemon (pid: 1891). The daemon log file: /opt/gradle/.gradle/daemon/9.3.1/daemon-1891.out.log
Starting 7th build in daemon [uptime: 7 mins 7.864 secs, performance: 99%, GC rate: 0.00/s, heap usage: 0% of 4 GiB]
Using 4 worker leases.
Operational build model parameters: {requiresToolingModels=false, parallelProjectExecution=true, configureOnDemand=false, configurationCache=true, configurationCacheParallelStore=false, configurationCacheParallelLoad=true, isolatedProjects=false, parallelProjectConfiguration=false, intermediateModelCache=false, parallelToolingApiActions=true, invalidateCoupledProjects=false, modelAsProjectDependency=false, resilientModelBuilding=false}
Encryption key source: default Gradle keystore (pkcs12)
Reusing configuration cache.
Watching the file system is configured to be enabled if available
Unable to list file systems to check whether they can be watched. Disabling watching. Reason: Could not query file systems: could not open mount file (errno 2: No such file or directory)
File system watching is inactive
Using local directory build cache for the root build (location = /opt/gradle/.gradle/caches/build-cache-1, remove unused entries = after 7 days).
Tasks to be executed: [task ':core-storage-api:checkKotlinGradlePluginConfigurationErrors', task ':core-storage-api:compileKotlin', task ':core-storage-api:compileJava', task ':core-storage-api:processResources', task ':core-storage-api:classes', task ':core-storage-api:jar', task ':core-utils:checkKotlinGradlePluginConfigurationErrors', task ':core-utils:compileKotlin', task ':core-utils:compileJava', task ':core-utils:processResources', task ':core-utils:classes', task ':core-utils:jar', task ':file-system:preBuild', task ':file-system:preDebugBuild', task ':file-system:compileDebugAidl', task ':file-system:generateDebugResources', task ':file-system:packageDebugResources', task ':file-system:processDebugNavigationResources', task ':file-system:parseDebugLocalResources', task ':file-system:generateDebugRFile', task ':file-system:kspDebugKotlin', task ':file-system:compileDebugKotlin', task ':file-system:javaPreCompileDebug', task ':file-system:compileDebugJavaWithJavac', task ':file-system:bundleLibRuntimeToJarDebug', task ':file-system:bundleLibCompileToJarDebug', task ':file-system:preDebugUnitTestBuild', task ':file-system:generateDebugUnitTestStubRFile', task ':file-system:kspDebugUnitTestKotlin', task ':file-system:compileDebugUnitTestKotlin', task ':file-system:javaPreCompileDebugUnitTest', task ':file-system:compileDebugUnitTestJavaWithJavac', task ':file-system:processDebugJavaRes', task ':file-system:processDebugUnitTestJavaRes', task ':file-system:testDebugUnitTest']
Tasks that were excluded: []
Resolve mutations for :core-storage-api:checkKotlinGradlePluginConfigurationErrors (Thread[#350,Execution worker,5,main]) started.
:core-storage-api:checkKotlinGradlePluginConfigurationErrors (Thread[#350,Execution worker,5,main]) started.
Resolve mutations for :core-storage-api:processResources (Thread[#349,included builds,5,main]) started.
work action Unknown value (Thread[#352,Execution worker Thread 3,5,main]) started.
:core-storage-api:processResources (Thread[#349,included builds,5,main]) started.
Resolve mutations for :core-utils:processResources (Thread[#352,Execution worker Thread 3,5,main]) started.
:core-utils:processResources (Thread[#352,Execution worker Thread 3,5,main]) started.
Resolve mutations for :core-utils:checkKotlinGradlePluginConfigurationErrors (Thread[#351,Execution worker Thread 2,5,main]) started.
:core-utils:checkKotlinGradlePluginConfigurationErrors (Thread[#351,Execution worker Thread 2,5,main]) started.

> Task :core-storage-api:checkKotlinGradlePluginConfigurationErrors SKIPPED
Skipping task ':core-storage-api:checkKotlinGradlePluginConfigurationErrors' as task onlyIf 'errorDiagnostics are present' is false.
Resolve mutations for :core-storage-api:compileKotlin (Thread[#350,Execution worker,5,main]) started.
:core-storage-api:compileKotlin (Thread[#350,Execution worker,5,main]) started.
Build 4de193db-74e0-4f7c-bc7a-fda4c40f6fc9 is started

> Task :core-utils:checkKotlinGradlePluginConfigurationErrors SKIPPED
Skipping task ':core-utils:checkKotlinGradlePluginConfigurationErrors' as task onlyIf 'errorDiagnostics are present' is false.
Resolve mutations for :core-utils:compileKotlin (Thread[#351,Execution worker Thread 2,5,main]) started.
:core-utils:compileKotlin (Thread[#351,Execution worker Thread 2,5,main]) started.

> Task :core-utils:processResources NO-SOURCE
Skipping task ':core-utils:processResources' as it has no source files and no previous output files.
work action Unknown value (Thread[#352,Execution worker Thread 3,5,main]) started.

> Task :core-storage-api:processResources NO-SOURCE
Skipping task ':core-storage-api:processResources' as it has no source files and no previous output files.
Resolve mutations for :file-system:preBuild (Thread[#349,included builds,5,main]) started.
:file-system:preBuild (Thread[#349,included builds,5,main]) started.

> Task :file-system:preBuild UP-TO-DATE
Skipping task ':file-system:preBuild' as it has no actions.
Resolve mutations for :file-system:preDebugBuild (Thread[#349,included builds,5,main]) started.
Resolve mutations for :file-system:preDebugUnitTestBuild (Thread[#352,Execution worker Thread 3,5,main]) started.
:file-system:preDebugBuild (Thread[#349,included builds,5,main]) started.
:file-system:preDebugUnitTestBuild (Thread[#352,Execution worker Thread 3,5,main]) started.

> Task :file-system:preDebugBuild UP-TO-DATE
Skipping task ':file-system:preDebugBuild' as it has no actions.

> Task :file-system:preDebugUnitTestBuild UP-TO-DATE
Skipping task ':file-system:preDebugUnitTestBuild' as it has no actions.
Resolve mutations for :file-system:compileDebugAidl (Thread[#349,included builds,5,main]) started.
Resolve mutations for :file-system:generateDebugResources (Thread[#352,Execution worker Thread 3,5,main]) started.
:file-system:compileDebugAidl (Thread[#349,included builds,5,main]) started.
:file-system:generateDebugResources (Thread[#352,Execution worker Thread 3,5,main]) started.

> Task :file-system:generateDebugResources UP-TO-DATE
Build cache key for task ':file-system:generateDebugResources' is 1baaadf56ca1b30703b5e3edd072c376
Skipping task ':file-system:generateDebugResources' as it is up-to-date.
Resolve mutations for :file-system:packageDebugResources (Thread[#352,Execution worker Thread 3,5,main]) started.
:file-system:packageDebugResources (Thread[#352,Execution worker Thread 3,5,main]) started.

> Task :core-utils:compileKotlin UP-TO-DATE
Build cache key for task ':core-utils:compileKotlin' is f37f9e65d268d2308abcc1f566c60bda
Skipping task ':core-utils:compileKotlin' as it is up-to-date.

> Task :file-system:packageDebugResources UP-TO-DATE
Build cache key for task ':file-system:packageDebugResources' is 3f27f61a3aceae2b44038bc89367c7e2
Skipping task ':file-system:packageDebugResources' as it is up-to-date.

> Task :core-storage-api:compileKotlin UP-TO-DATE
Build cache key for task ':core-storage-api:compileKotlin' is e04a45bafa607010780b34625d281261
Skipping task ':core-storage-api:compileKotlin' as it is up-to-date.
Resolve mutations for :core-utils:compileJava (Thread[#351,Execution worker Thread 2,5,main]) started.
Resolve mutations for :core-storage-api:compileJava (Thread[#350,Execution worker,5,main]) started.
Resolve mutations for :file-system:processDebugNavigationResources (Thread[#352,Execution worker Thread 3,5,main]) started.
:core-storage-api:compileJava (Thread[#351,Execution worker Thread 2,5,main]) started.
:core-utils:compileJava (Thread[#350,Execution worker,5,main]) started.
:file-system:processDebugNavigationResources (Thread[#352,Execution worker Thread 3,5,main]) started.

> Task :core-storage-api:compileJava NO-SOURCE
Skipping task ':core-storage-api:compileJava' as it has no source files and no previous output files.

> Task :core-utils:compileJava NO-SOURCE
Skipping task ':core-utils:compileJava' as it has no source files and no previous output files.
Resolve mutations for :core-storage-api:classes (Thread[#351,Execution worker Thread 2,5,main]) started.
Resolve mutations for :core-utils:classes (Thread[#350,Execution worker,5,main]) started.
:core-storage-api:classes (Thread[#351,Execution worker Thread 2,5,main]) started.
:core-utils:classes (Thread[#350,Execution worker,5,main]) started.

> Task :core-utils:classes UP-TO-DATE
Skipping task ':core-utils:classes' as it has no actions.

> Task :file-system:processDebugNavigationResources UP-TO-DATE
Build cache key for task ':file-system:processDebugNavigationResources' is 4a5dd836bcf66581a2197e7ff88dfb7e
Skipping task ':file-system:processDebugNavigationResources' as it is up-to-date.
Resolve mutations for :core-utils:jar (Thread[#350,Execution worker,5,main]) started.
Resolve mutations for :file-system:parseDebugLocalResources (Thread[#352,Execution worker Thread 3,5,main]) started.

> Task :core-storage-api:classes UP-TO-DATE
Skipping task ':core-storage-api:classes' as it has no actions.
Resolve mutations for :core-storage-api:jar (Thread[#351,Execution worker Thread 2,5,main]) started.
:core-utils:jar (Thread[#350,Execution worker,5,main]) started.
:file-system:parseDebugLocalResources (Thread[#352,Execution worker Thread 3,5,main]) started.
:core-storage-api:jar (Thread[#351,Execution worker Thread 2,5,main]) started.

> Task :file-system:parseDebugLocalResources UP-TO-DATE
Build cache key for task ':file-system:parseDebugLocalResources' is e78b4e5c3513a88c88cd11ebd3f8b776
Skipping task ':file-system:parseDebugLocalResources' as it is up-to-date.
Resolve mutations for :file-system:generateDebugRFile (Thread[#352,Execution worker Thread 3,5,main]) started.

> Task :core-utils:jar UP-TO-DATE
Caching disabled for task ':core-utils:jar' because:
  Not worth caching
Skipping task ':core-utils:jar' as it is up-to-date.
:file-system:generateDebugRFile (Thread[#352,Execution worker Thread 3,5,main]) started.
work action resolve core-utils.jar (project :core-utils) (Thread[#350,Execution worker,5,main]) started.
IdentityTransform (Thread[#350,Execution worker,5,main]) started.
IdentityTransform (Thread[#350,Execution worker,5,main]) started.
IdentityTransform (Thread[#350,Execution worker,5,main]) started.
Resolve mutations for :file-system:javaPreCompileDebug (Thread[#350,Execution worker,5,main]) started.

> Task :core-storage-api:jar UP-TO-DATE
Caching disabled for task ':core-storage-api:jar' because:
  Not worth caching
Skipping task ':core-storage-api:jar' as it is up-to-date.
work action resolve core-storage-api.jar (project :core-storage-api) (Thread[#351,Execution worker Thread 2,5,main]) started.
IdentityTransform (Thread[#351,Execution worker Thread 2,5,main]) started.
IdentityTransform (Thread[#350,Execution worker,5,main]) started.
IdentityTransform (Thread[#351,Execution worker Thread 2,5,main]) started.
:file-system:javaPreCompileDebug (Thread[#350,Execution worker,5,main]) started.
Resolve mutations for :file-system:javaPreCompileDebugUnitTest (Thread[#351,Execution worker Thread 2,5,main]) started.
:file-system:javaPreCompileDebugUnitTest (Thread[#351,Execution worker Thread 2,5,main]) started.

> Task :file-system:generateDebugRFile UP-TO-DATE
Build cache key for task ':file-system:generateDebugRFile' is 074b5e4205f910b94491d99d447b216c
Skipping task ':file-system:generateDebugRFile' as it is up-to-date.
work action resolve package-aware-r.txt (project :file-system) (Thread[#352,Execution worker Thread 3,5,main]) started.
Resolve mutations for :file-system:generateDebugUnitTestStubRFile (Thread[#352,Execution worker Thread 3,5,main]) started.

> Task :file-system:javaPreCompileDebugUnitTest UP-TO-DATE
Build cache key for task ':file-system:javaPreCompileDebugUnitTest' is 204672e1df57eb679f72f3e174041952
Skipping task ':file-system:javaPreCompileDebugUnitTest' as it is up-to-date.

> Task :file-system:javaPreCompileDebug UP-TO-DATE
Build cache key for task ':file-system:javaPreCompileDebug' is 204672e1df57eb679f72f3e174041952
Skipping task ':file-system:javaPreCompileDebug' as it is up-to-date.
:file-system:generateDebugUnitTestStubRFile (Thread[#352,Execution worker Thread 3,5,main]) started.

> Task :file-system:compileDebugAidl UP-TO-DATE
Build cache key for task ':file-system:compileDebugAidl' is d3ab182f84c429ab9a167d959564766f
Skipping task ':file-system:compileDebugAidl' as it is up-to-date.
Resolve mutations for :file-system:kspDebugKotlin (Thread[#349,included builds,5,main]) started.

> Task :file-system:generateDebugUnitTestStubRFile UP-TO-DATE
Build cache key for task ':file-system:generateDebugUnitTestStubRFile' is f813304ece9b693739e4e870603f7d5e
Skipping task ':file-system:generateDebugUnitTestStubRFile' as it is up-to-date.
:file-system:kspDebugKotlin (Thread[#349,included builds,5,main]) started.

> Task :file-system:kspDebugKotlin SKIPPED
Skipping task ':file-system:kspDebugKotlin' as task onlyIf 'Task satisfies onlyIf spec' is false.
Resolve mutations for :file-system:compileDebugKotlin (Thread[#349,included builds,5,main]) started.
:file-system:compileDebugKotlin (Thread[#349,included builds,5,main]) started.

> Task :file-system:compileDebugKotlin UP-TO-DATE
file or directory '/app/applet/file-system/src/main/java', not found
file or directory '/app/applet/file-system/src/debug/java', not found
file or directory '/app/applet/file-system/src/debug/kotlin', not found
file or directory '/app/applet/file-system/src/main/java', not found
file or directory '/app/applet/file-system/src/debug/java', not found
file or directory '/app/applet/file-system/src/main/java', not found
file or directory '/app/applet/file-system/src/debug/java', not found
file or directory '/app/applet/file-system/src/debug/kotlin', not found
file or directory '/app/applet/file-system/src/main/java', not found
file or directory '/app/applet/file-system/src/debug/java', not found
file or directory '/app/applet/file-system/src/main/java', not found
file or directory '/app/applet/file-system/src/debug/java', not found
file or directory '/app/applet/file-system/src/debug/kotlin', not found
file or directory '/app/applet/file-system/src/main/java', not found
file or directory '/app/applet/file-system/src/debug/java', not found
Build cache key for task ':file-system:compileDebugKotlin' is 10031620a8eafacc7f8cd1acc4ebfb29
Skipping task ':file-system:compileDebugKotlin' as it is up-to-date.
Resolve mutations for :file-system:compileDebugJavaWithJavac (Thread[#349,included builds,5,main]) started.
Resolve mutations for :file-system:processDebugJavaRes (Thread[#352,Execution worker Thread 3,5,main]) started.
:file-system:processDebugJavaRes (Thread[#352,Execution worker Thread 3,5,main]) started.
:file-system:compileDebugJavaWithJavac (Thread[#350,Execution worker,5,main]) started.

> Task :file-system:processDebugJavaRes UP-TO-DATE
file or directory '/app/applet/file-system/src/main/resources', not found
file or directory '/app/applet/file-system/src/debug/resources', not found
Caching disabled for task ':file-system:processDebugJavaRes' because:
  Caching has been disabled for the task
Skipping task ':file-system:processDebugJavaRes' as it is up-to-date.
work action resolve out (project :file-system) (Thread[#352,Execution worker Thread 3,5,main]) started.

> Task :file-system:compileDebugJavaWithJavac UP-TO-DATE
Build cache key for task ':file-system:compileDebugJavaWithJavac' is 90e9ecbe6e622293932575301a5bc61f
Skipping task ':file-system:compileDebugJavaWithJavac' as it is up-to-date.
No compile result for :file-system:compileDebugJavaWithJavac
Resolve mutations for :file-system:bundleLibRuntimeToJarDebug (Thread[#350,Execution worker,5,main]) started.
Resolve mutations for :file-system:bundleLibCompileToJarDebug (Thread[#352,Execution worker Thread 3,5,main]) started.
:file-system:bundleLibCompileToJarDebug (Thread[#352,Execution worker Thread 3,5,main]) started.
:file-system:bundleLibRuntimeToJarDebug (Thread[#350,Execution worker,5,main]) started.

> Task :file-system:bundleLibCompileToJarDebug UP-TO-DATE
Caching disabled for task ':file-system:bundleLibCompileToJarDebug' because:
  Simple merging task
Skipping task ':file-system:bundleLibCompileToJarDebug' as it is up-to-date.

> Task :file-system:bundleLibRuntimeToJarDebug UP-TO-DATE
Caching disabled for task ':file-system:bundleLibRuntimeToJarDebug' because:
  Simple merging task
Skipping task ':file-system:bundleLibRuntimeToJarDebug' as it is up-to-date.
work action resolve classes.jar (project :file-system) (Thread[#352,Execution worker Thread 3,5,main]) started.
Resolve mutations for :file-system:kspDebugUnitTestKotlin (Thread[#349,included builds,5,main]) started.
work action resolve classes.jar (project :file-system) (Thread[#350,Execution worker,5,main]) started.
:file-system:kspDebugUnitTestKotlin (Thread[#349,included builds,5,main]) started.

> Task :file-system:kspDebugUnitTestKotlin SKIPPED
Skipping task ':file-system:kspDebugUnitTestKotlin' as task onlyIf 'Task satisfies onlyIf spec' is false.
Resolve mutations for :file-system:compileDebugUnitTestKotlin (Thread[#349,included builds,5,main]) started.
:file-system:compileDebugUnitTestKotlin (Thread[#349,included builds,5,main]) started.

> Task :file-system:compileDebugUnitTestKotlin UP-TO-DATE
file or directory '/app/applet/file-system/src/test/java', not found
file or directory '/app/applet/file-system/src/testDebug/java', not found
file or directory '/app/applet/file-system/src/testDebug/kotlin', not found
file or directory '/app/applet/file-system/src/test/java', not found
file or directory '/app/applet/file-system/src/testDebug/java', not found
file or directory '/app/applet/file-system/src/test/java', not found
file or directory '/app/applet/file-system/src/testDebug/java', not found
file or directory '/app/applet/file-system/src/testDebug/kotlin', not found
file or directory '/app/applet/file-system/src/test/java', not found
file or directory '/app/applet/file-system/src/testDebug/java', not found
file or directory '/app/applet/file-system/src/test/java', not found
file or directory '/app/applet/file-system/src/testDebug/java', not found
file or directory '/app/applet/file-system/src/testDebug/kotlin', not found
file or directory '/app/applet/file-system/src/test/java', not found
file or directory '/app/applet/file-system/src/testDebug/java', not found
Build cache key for task ':file-system:compileDebugUnitTestKotlin' is 8e828c17c15bb7ab0d70fac6a7424e38
Skipping task ':file-system:compileDebugUnitTestKotlin' as it is up-to-date.
Resolve mutations for :file-system:compileDebugUnitTestJavaWithJavac (Thread[#349,included builds,5,main]) started.
Resolve mutations for :file-system:processDebugUnitTestJavaRes (Thread[#352,Execution worker Thread 3,5,main]) started.
:file-system:processDebugUnitTestJavaRes (Thread[#352,Execution worker Thread 3,5,main]) started.
:file-system:compileDebugUnitTestJavaWithJavac (Thread[#349,included builds,5,main]) started.

> Task :file-system:compileDebugUnitTestJavaWithJavac NO-SOURCE
Skipping task ':file-system:compileDebugUnitTestJavaWithJavac' as it has no source files and no previous output files.

> Task :file-system:processDebugUnitTestJavaRes UP-TO-DATE
file or directory '/app/applet/file-system/src/test/resources', not found
file or directory '/app/applet/file-system/src/testDebug/resources', not found
Caching disabled for task ':file-system:processDebugUnitTestJavaRes' because:
  Caching has been disabled for the task
Skipping task ':file-system:processDebugUnitTestJavaRes' as it is up-to-date.
Resolve mutations for :file-system:testDebugUnitTest (Thread[#352,Execution worker Thread 3,5,main]) started.
:file-system:testDebugUnitTest (Thread[#352,Execution worker Thread 3,5,main]) started.
Gradle Test Executor 6 started executing tests.
Gradle Test Executor 6 finished executing tests.

> Task :file-system:testDebugUnitTest FAILED
Build cache key for task ':file-system:testDebugUnitTest' is eead0ed98743fe16b6b7f81389ddf99e
Task ':file-system:testDebugUnitTest' is not up-to-date because:
  Task has failed previously.
file or directory '/app/applet/file-system/build/generated/ksp/debugUnitTest/resources', not found
file or directory '/app/applet/file-system/build/generated/ksp/debugUnitTest/classes', not found
file or directory '/app/applet/file-system/build/intermediates/javac/debugUnitTest/compileDebugUnitTestJavaWithJavac/classes', not found
Starting process 'Gradle Test Executor 6'. Working directory: /app/applet/file-system Command: /usr/lib/jvm/temurin-21-jdk-amd64/bin/java -Djava.awt.headless=true -Djava.library.path=/usr/java/packages/lib:/usr/lib64:/lib64:/lib:/usr/lib:/app/applet/file-system/src/testDebug/jniLibs:/app/applet/file-system/src/test/jniLibs -Dorg.gradle.internal.worker.tmpdir=/app/applet/file-system/build/tmp/testDebugUnitTest/work --add-opens=java.base/java.io=ALL-UNNAMED @/opt/gradle/.gradle/.tmp/gradle-worker-classpath2088825740759260456txt -Xmx512m -Dfile.encoding=UTF-8 -Duser.country=US -Duser.language=en -Duser.variant -ea worker.org.gradle.process.internal.worker.GradleWorkerMain 'Gradle Test Executor 6'
Successfully started process 'Gradle Test Executor 6'

StorageVolumeRepositoryImplTest > concurrentCollectors_registerReceiverOnlyOnce STANDARD_OUT
    Before register assert: registerCount = 1
    Before unregister assert: unregisterCount = 0

StorageVolumeRepositoryImplTest > concurrentCollectors_registerReceiverOnlyOnce FAILED
    java.lang.AssertionError: expected:<1> but was:<0>
        at org.junit.Assert.fail(Assert.java:89)
        at org.junit.Assert.failNotEquals(Assert.java:835)
        at org.junit.Assert.assertEquals(Assert.java:120)
        at org.junit.Assert.assertEquals(Assert.java:146)
        at com.wakwau.xplore.core.storage.repository.StorageVolumeRepositoryImplTest$concurrentCollectors_registerReceiverOnlyOnce$1.invokeSuspend(StorageVolumeRepositoryImplTest.kt:44)
        at com.wakwau.xplore.core.storage.repository.StorageVolumeRepositoryImplTest$concurrentCollectors_registerReceiverOnlyOnce$1.invoke(StorageVolumeRepositoryImplTest.kt)
        at com.wakwau.xplore.core.storage.repository.StorageVolumeRepositoryImplTest$concurrentCollectors_registerReceiverOnlyOnce$1.invoke(StorageVolumeRepositoryImplTest.kt)
        at kotlinx.coroutines.test.TestBuildersKt__TestBuildersKt$runTest$2$1$1.invokeSuspend(TestBuilders.kt:317)
        at kotlin.coroutines.jvm.internal.BaseContinuationImpl.resumeWith(ContinuationImpl.kt:33)
        at kotlinx.coroutines.DispatchedTask.run(DispatchedTask.kt:100)
        at kotlinx.coroutines.test.TestDispatcher.processEvent$kotlinx_coroutines_test(TestDispatcher.kt:24)
        at kotlinx.coroutines.test.TestCoroutineScheduler.tryRunNextTaskUnless$kotlinx_coroutines_test(TestCoroutineScheduler.kt:99)
        at kotlinx.coroutines.test.TestBuildersKt__TestBuildersKt$runTest$2$1$workRunner$1.invokeSuspend(TestBuilders.kt:326)
        at kotlin.coroutines.jvm.internal.BaseContinuationImpl.resumeWith(ContinuationImpl.kt:33)
        at kotlinx.coroutines.DispatchedTask.run(DispatchedTask.kt:100)
        at kotlinx.coroutines.EventLoopImplBase.processNextEvent(EventLoop.common.kt:263)
        at kotlinx.coroutines.BlockingCoroutine.joinBlocking(Builders.kt:94)
        at kotlinx.coroutines.BuildersKt__BuildersKt.runBlocking(Builders.kt:70)
        at kotlinx.coroutines.BuildersKt.runBlocking(Unknown Source)
        at kotlinx.coroutines.BuildersKt__BuildersKt.runBlocking$default(Builders.kt:48)
        at kotlinx.coroutines.BuildersKt.runBlocking$default(Unknown Source)
        at kotlinx.coroutines.test.TestBuildersJvmKt.createTestResult(TestBuildersJvm.kt:10)
        at kotlinx.coroutines.test.TestBuildersKt__TestBuildersKt.runTest-8Mi8wO0(TestBuilders.kt:309)
        at kotlinx.coroutines.test.TestBuildersKt.runTest-8Mi8wO0(Unknown Source)
        at kotlinx.coroutines.test.TestBuildersKt__TestBuildersKt.runTest-8Mi8wO0(TestBuilders.kt:167)
        at kotlinx.coroutines.test.TestBuildersKt.runTest-8Mi8wO0(Unknown Source)
        at kotlinx.coroutines.test.TestBuildersKt__TestBuildersKt.runTest-8Mi8wO0$default(TestBuilders.kt:159)
        at kotlinx.coroutines.test.TestBuildersKt.runTest-8Mi8wO0$default(Unknown Source)
        at com.wakwau.xplore.core.storage.repository.StorageVolumeRepositoryImplTest.concurrentCollectors_registerReceiverOnlyOnce(StorageVolumeRepositoryImplTest.kt:29)

1 test completed, 1 failed
Generating HTML test report...
Finished generating test html results (0.005 secs) into: /app/applet/file-system/build/reports/tests/testDebugUnitTest
Finished generating test XML results (0.002 secs) into: /app/applet/file-system/build/test-results/testDebugUnitTest
Build 4de193db-74e0-4f7c-bc7a-fda4c40f6fc9 is closed

FAILURE: Build failed with an exception.

* What went wrong:
Execution failed for task ':file-system:testDebugUnitTest'.
> There were failing tests. See the report at: file:///app/applet/file-system/build/reports/tests/testDebugUnitTest/index.html

* Try:
> Run with --scan to get full insights from a Build Scan (powered by Develocity).

BUILD FAILED in 2s
21 actionable tasks: 1 executed, 20 up-to-date
Configuration cache entry reused.
