Initialized native services in: /opt/gradle/.gradle/native
Initialized jansi services in: /opt/gradle/.gradle/native
The client will now receive all logging from the daemon (pid: 1891). The daemon log file: /opt/gradle/.gradle/daemon/9.3.1/daemon-1891.out.log
Starting 9th build in daemon [uptime: 9 mins 20.221 secs, performance: 99%, GC rate: 0.00/s, heap usage: 0% of 4 GiB]
Using 4 worker leases.
Operational build model parameters: {requiresToolingModels=false, parallelProjectExecution=true, configureOnDemand=false, configurationCache=true, configurationCacheParallelStore=false, configurationCacheParallelLoad=true, isolatedProjects=false, parallelProjectConfiguration=false, intermediateModelCache=false, parallelToolingApiActions=true, invalidateCoupledProjects=false, modelAsProjectDependency=false, resilientModelBuilding=false}
Encryption key source: default Gradle keystore (pkcs12)
Reusing configuration cache.
Watching the file system is configured to be enabled if available
Unable to list file systems to check whether they can be watched. Disabling watching. Reason: Could not query file systems: could not open mount file (errno 2: No such file or directory)
File system watching is inactive
Using local directory build cache for the root build (location = /opt/gradle/.gradle/caches/build-cache-1, remove unused entries = after 7 days).
Tasks to be executed: [task ':core-storage-api:checkKotlinGradlePluginConfigurationErrors', task ':core-storage-api:compileKotlin', task ':core-storage-api:compileJava', task ':core-storage-api:processResources', task ':core-storage-api:classes', task ':core-storage-api:jar', task ':core-utils:checkKotlinGradlePluginConfigurationErrors', task ':core-utils:compileKotlin', task ':core-utils:compileJava', task ':core-utils:processResources', task ':core-utils:classes', task ':core-utils:jar', task ':file-system:preBuild', task ':file-system:preDebugBuild', task ':file-system:compileDebugAidl', task ':file-system:generateDebugResources', task ':file-system:packageDebugResources', task ':file-system:processDebugNavigationResources', task ':file-system:parseDebugLocalResources', task ':file-system:generateDebugRFile', task ':file-system:kspDebugKotlin', task ':file-system:compileDebugKotlin', task ':file-system:javaPreCompileDebug', task ':file-system:compileDebugJavaWithJavac', task ':file-system:bundleLibRuntimeToJarDebug', task ':file-system:bundleLibCompileToJarDebug', task ':file-system:preDebugUnitTestBuild', task ':file-system:generateDebugUnitTestStubRFile', task ':file-system:kspDebugUnitTestKotlin', task ':file-system:compileDebugUnitTestKotlin', task ':file-system:javaPreCompileDebugUnitTest', task ':file-system:compileDebugUnitTestJavaWithJavac', task ':file-system:processDebugJavaRes', task ':file-system:processDebugUnitTestJavaRes', task ':file-system:testDebugUnitTest']
Tasks that were excluded: []
Resolve mutations for :core-storage-api:checkKotlinGradlePluginConfigurationErrors (Thread[#426,Execution worker,5,main]) started.
work action Unknown value (Thread[#427,Execution worker Thread 2,5,main]) started.
Resolve mutations for :core-storage-api:processResources (Thread[#425,included builds,5,main]) started.
Resolve mutations for :core-utils:checkKotlinGradlePluginConfigurationErrors (Thread[#428,Execution worker Thread 3,5,main]) started.
:core-storage-api:checkKotlinGradlePluginConfigurationErrors (Thread[#426,Execution worker,5,main]) started.
:core-utils:checkKotlinGradlePluginConfigurationErrors (Thread[#428,Execution worker Thread 3,5,main]) started.
Resolve mutations for :core-utils:processResources (Thread[#427,Execution worker Thread 2,5,main]) started.
:core-storage-api:processResources (Thread[#425,included builds,5,main]) started.
:core-utils:processResources (Thread[#427,Execution worker Thread 2,5,main]) started.

> Task :core-storage-api:checkKotlinGradlePluginConfigurationErrors SKIPPED
Skipping task ':core-storage-api:checkKotlinGradlePluginConfigurationErrors' as task onlyIf 'errorDiagnostics are present' is false.

> Task :core-utils:checkKotlinGradlePluginConfigurationErrors SKIPPED
Skipping task ':core-utils:checkKotlinGradlePluginConfigurationErrors' as task onlyIf 'errorDiagnostics are present' is false.
Resolve mutations for :core-storage-api:compileKotlin (Thread[#428,Execution worker Thread 3,5,main]) started.
Resolve mutations for :core-utils:compileKotlin (Thread[#426,Execution worker,5,main]) started.
Build 95df24e4-50d5-4ef0-8623-55b39fa76a55 is started

> Task :core-utils:processResources NO-SOURCE
Skipping task ':core-utils:processResources' as it has no source files and no previous output files.
work action Unknown value (Thread[#427,Execution worker Thread 2,5,main]) started.
Resolve mutations for :file-system:preBuild (Thread[#427,Execution worker Thread 2,5,main]) started.

> Task :core-storage-api:processResources NO-SOURCE
Skipping task ':core-storage-api:processResources' as it has no source files and no previous output files.
:core-storage-api:compileKotlin (Thread[#428,Execution worker Thread 3,5,main]) started.
:file-system:preBuild (Thread[#425,included builds,5,main]) started.
:core-utils:compileKotlin (Thread[#426,Execution worker,5,main]) started.

> Task :file-system:preBuild UP-TO-DATE
Skipping task ':file-system:preBuild' as it has no actions.
Resolve mutations for :file-system:preDebugBuild (Thread[#425,included builds,5,main]) started.
Resolve mutations for :file-system:preDebugUnitTestBuild (Thread[#427,Execution worker Thread 2,5,main]) started.
:file-system:preDebugBuild (Thread[#425,included builds,5,main]) started.
:file-system:preDebugUnitTestBuild (Thread[#427,Execution worker Thread 2,5,main]) started.

> Task :file-system:preDebugBuild UP-TO-DATE
Skipping task ':file-system:preDebugBuild' as it has no actions.

> Task :file-system:preDebugUnitTestBuild UP-TO-DATE
Skipping task ':file-system:preDebugUnitTestBuild' as it has no actions.
Resolve mutations for :file-system:compileDebugAidl (Thread[#425,included builds,5,main]) started.
Resolve mutations for :file-system:generateDebugResources (Thread[#427,Execution worker Thread 2,5,main]) started.
:file-system:compileDebugAidl (Thread[#425,included builds,5,main]) started.
:file-system:generateDebugResources (Thread[#427,Execution worker Thread 2,5,main]) started.

> Task :file-system:generateDebugResources UP-TO-DATE
Build cache key for task ':file-system:generateDebugResources' is 1baaadf56ca1b30703b5e3edd072c376
Skipping task ':file-system:generateDebugResources' as it is up-to-date.
Resolve mutations for :file-system:packageDebugResources (Thread[#427,Execution worker Thread 2,5,main]) started.
:file-system:packageDebugResources (Thread[#427,Execution worker Thread 2,5,main]) started.

> Task :file-system:packageDebugResources UP-TO-DATE
Build cache key for task ':file-system:packageDebugResources' is 3f27f61a3aceae2b44038bc89367c7e2
Skipping task ':file-system:packageDebugResources' as it is up-to-date.
Resolve mutations for :file-system:processDebugNavigationResources (Thread[#427,Execution worker Thread 2,5,main]) started.
:file-system:processDebugNavigationResources (Thread[#427,Execution worker Thread 2,5,main]) started.

> Task :core-utils:compileKotlin UP-TO-DATE
Build cache key for task ':core-utils:compileKotlin' is f37f9e65d268d2308abcc1f566c60bda
Skipping task ':core-utils:compileKotlin' as it is up-to-date.
Resolve mutations for :core-utils:compileJava (Thread[#426,Execution worker,5,main]) started.

> Task :core-storage-api:compileKotlin UP-TO-DATE
Build cache key for task ':core-storage-api:compileKotlin' is e04a45bafa607010780b34625d281261
Skipping task ':core-storage-api:compileKotlin' as it is up-to-date.
Resolve mutations for :core-storage-api:compileJava (Thread[#428,Execution worker Thread 3,5,main]) started.
:core-utils:compileJava (Thread[#426,Execution worker,5,main]) started.
:core-storage-api:compileJava (Thread[#428,Execution worker Thread 3,5,main]) started.

> Task :file-system:processDebugNavigationResources UP-TO-DATE
Build cache key for task ':file-system:processDebugNavigationResources' is 4a5dd836bcf66581a2197e7ff88dfb7e
Skipping task ':file-system:processDebugNavigationResources' as it is up-to-date.
Resolve mutations for :file-system:parseDebugLocalResources (Thread[#427,Execution worker Thread 2,5,main]) started.
:file-system:parseDebugLocalResources (Thread[#427,Execution worker Thread 2,5,main]) started.

> Task :core-storage-api:compileJava NO-SOURCE
Skipping task ':core-storage-api:compileJava' as it has no source files and no previous output files.

> Task :core-utils:compileJava NO-SOURCE
Skipping task ':core-utils:compileJava' as it has no source files and no previous output files.
Resolve mutations for :core-storage-api:classes (Thread[#428,Execution worker Thread 3,5,main]) started.
Resolve mutations for :core-utils:classes (Thread[#426,Execution worker,5,main]) started.
:core-storage-api:classes (Thread[#428,Execution worker Thread 3,5,main]) started.
:core-utils:classes (Thread[#426,Execution worker,5,main]) started.

> Task :core-storage-api:classes UP-TO-DATE
Skipping task ':core-storage-api:classes' as it has no actions.

> Task :core-utils:classes UP-TO-DATE
Skipping task ':core-utils:classes' as it has no actions.
Resolve mutations for :core-utils:jar (Thread[#426,Execution worker,5,main]) started.
Resolve mutations for :core-storage-api:jar (Thread[#428,Execution worker Thread 3,5,main]) started.

> Task :file-system:parseDebugLocalResources UP-TO-DATE
Build cache key for task ':file-system:parseDebugLocalResources' is e78b4e5c3513a88c88cd11ebd3f8b776
Skipping task ':file-system:parseDebugLocalResources' as it is up-to-date.
:core-utils:jar (Thread[#427,Execution worker Thread 2,5,main]) started.
Resolve mutations for :file-system:generateDebugRFile (Thread[#426,Execution worker,5,main]) started.
:core-storage-api:jar (Thread[#428,Execution worker Thread 3,5,main]) started.
:file-system:generateDebugRFile (Thread[#426,Execution worker,5,main]) started.

> Task :core-utils:jar UP-TO-DATE
Caching disabled for task ':core-utils:jar' because:
  Not worth caching
Skipping task ':core-utils:jar' as it is up-to-date.
work action resolve core-utils.jar (project :core-utils) (Thread[#427,Execution worker Thread 2,5,main]) started.
IdentityTransform (Thread[#427,Execution worker Thread 2,5,main]) started.

> Task :core-storage-api:jar UP-TO-DATE
Caching disabled for task ':core-storage-api:jar' because:
  Not worth caching
Skipping task ':core-storage-api:jar' as it is up-to-date.
IdentityTransform (Thread[#427,Execution worker Thread 2,5,main]) started.

> Task :file-system:generateDebugRFile UP-TO-DATE
Build cache key for task ':file-system:generateDebugRFile' is 074b5e4205f910b94491d99d447b216c
Skipping task ':file-system:generateDebugRFile' as it is up-to-date.
work action resolve core-storage-api.jar (project :core-storage-api) (Thread[#428,Execution worker Thread 3,5,main]) started.
Resolve mutations for :file-system:javaPreCompileDebug (Thread[#426,Execution worker,5,main]) started.
IdentityTransform (Thread[#428,Execution worker Thread 3,5,main]) started.
IdentityTransform (Thread[#427,Execution worker Thread 2,5,main]) started.
IdentityTransform (Thread[#428,Execution worker Thread 3,5,main]) started.
IdentityTransform (Thread[#426,Execution worker,5,main]) started.
:file-system:javaPreCompileDebug (Thread[#428,Execution worker Thread 3,5,main]) started.
work action resolve package-aware-r.txt (project :file-system) (Thread[#427,Execution worker Thread 2,5,main]) started.
Resolve mutations for :file-system:generateDebugUnitTestStubRFile (Thread[#427,Execution worker Thread 2,5,main]) started.
Resolve mutations for :file-system:javaPreCompileDebugUnitTest (Thread[#426,Execution worker,5,main]) started.
:file-system:javaPreCompileDebugUnitTest (Thread[#426,Execution worker,5,main]) started.
:file-system:generateDebugUnitTestStubRFile (Thread[#427,Execution worker Thread 2,5,main]) started.

> Task :file-system:javaPreCompileDebugUnitTest UP-TO-DATE
Build cache key for task ':file-system:javaPreCompileDebugUnitTest' is 204672e1df57eb679f72f3e174041952
Skipping task ':file-system:javaPreCompileDebugUnitTest' as it is up-to-date.

> Task :file-system:javaPreCompileDebug UP-TO-DATE
Build cache key for task ':file-system:javaPreCompileDebug' is 204672e1df57eb679f72f3e174041952
Skipping task ':file-system:javaPreCompileDebug' as it is up-to-date.

> Task :file-system:compileDebugAidl UP-TO-DATE
Build cache key for task ':file-system:compileDebugAidl' is d3ab182f84c429ab9a167d959564766f
Skipping task ':file-system:compileDebugAidl' as it is up-to-date.
Resolve mutations for :file-system:kspDebugKotlin (Thread[#425,included builds,5,main]) started.

> Task :file-system:generateDebugUnitTestStubRFile UP-TO-DATE
Build cache key for task ':file-system:generateDebugUnitTestStubRFile' is f813304ece9b693739e4e870603f7d5e
Skipping task ':file-system:generateDebugUnitTestStubRFile' as it is up-to-date.
:file-system:kspDebugKotlin (Thread[#425,included builds,5,main]) started.

> Task :file-system:kspDebugKotlin SKIPPED
Skipping task ':file-system:kspDebugKotlin' as task onlyIf 'Task satisfies onlyIf spec' is false.
Resolve mutations for :file-system:compileDebugKotlin (Thread[#425,included builds,5,main]) started.
:file-system:compileDebugKotlin (Thread[#425,included builds,5,main]) started.

> Task :file-system:compileDebugKotlin
file or directory '/app/applet/file-system/src/main/java', not found
file or directory '/app/applet/file-system/src/debug/java', not found
file or directory '/app/applet/file-system/src/debug/kotlin', not found
file or directory '/app/applet/file-system/src/main/java', not found
file or directory '/app/applet/file-system/src/debug/java', not found
file or directory '/app/applet/file-system/src/main/java', not found
file or directory '/app/applet/file-system/src/debug/java', not found
file or directory '/app/applet/file-system/src/debug/kotlin', not found
file or directory '/app/applet/file-system/src/main/java', not found
file or directory '/app/applet/file-system/src/debug/java', not found
file or directory '/app/applet/file-system/src/main/java', not found
file or directory '/app/applet/file-system/src/debug/java', not found
file or directory '/app/applet/file-system/src/debug/kotlin', not found
file or directory '/app/applet/file-system/src/main/java', not found
file or directory '/app/applet/file-system/src/debug/java', not found
Build cache key for task ':file-system:compileDebugKotlin' is 10879db084b693e5e4cc56699ce59db3
Task ':file-system:compileDebugKotlin' is not up-to-date because:
  Input property 'sources' file /app/applet/file-system/src/main/kotlin/com/wakwau/xplore/core/storage/provider/volume/StorageVolumeBroadcastReceiver.kt has changed.
file or directory '/app/applet/file-system/src/main/java', not found
file or directory '/app/applet/file-system/src/main/java', not found
file or directory '/app/applet/file-system/src/debug/java', not found
file or directory '/app/applet/file-system/src/debug/java', not found
file or directory '/app/applet/file-system/src/debug/kotlin', not found
file or directory '/app/applet/file-system/src/debug/kotlin', not found
file or directory '/app/applet/file-system/src/main/java', not found
file or directory '/app/applet/file-system/src/main/java', not found
file or directory '/app/applet/file-system/src/debug/java', not found
file or directory '/app/applet/file-system/src/debug/java', not found
file or directory '/app/applet/file-system/build/generated/ksp/debug/java', not found
file or directory '/app/applet/file-system/build/generated/ksp/debug/kotlin', not found
file or directory '/app/applet/file-system/src/main/java', not found
file or directory '/app/applet/file-system/src/main/java', not found
file or directory '/app/applet/file-system/src/debug/java', not found
file or directory '/app/applet/file-system/src/debug/java', not found
file or directory '/app/applet/file-system/src/debug/kotlin', not found
file or directory '/app/applet/file-system/src/debug/kotlin', not found
file or directory '/app/applet/file-system/src/main/java', not found
file or directory '/app/applet/file-system/src/main/java', not found
file or directory '/app/applet/file-system/src/debug/java', not found
file or directory '/app/applet/file-system/src/debug/java', not found
file or directory '/app/applet/file-system/build/generated/ksp/debug/java', not found
file or directory '/app/applet/file-system/build/generated/ksp/debug/kotlin', not found
file or directory '/app/applet/file-system/src/main/java', not found
file or directory '/app/applet/file-system/src/main/java', not found
file or directory '/app/applet/file-system/src/debug/java', not found
file or directory '/app/applet/file-system/src/debug/java', not found
file or directory '/app/applet/file-system/src/debug/kotlin', not found
file or directory '/app/applet/file-system/src/debug/kotlin', not found
file or directory '/app/applet/file-system/src/main/java', not found
file or directory '/app/applet/file-system/src/main/java', not found
file or directory '/app/applet/file-system/src/debug/java', not found
file or directory '/app/applet/file-system/src/debug/java', not found
file or directory '/app/applet/file-system/build/generated/ksp/debug/java', not found
file or directory '/app/applet/file-system/build/generated/ksp/debug/kotlin', not found
file or directory '/app/applet/file-system/src/main/java', not found
file or directory '/app/applet/file-system/src/main/java', not found
file or directory '/app/applet/file-system/src/debug/java', not found
file or directory '/app/applet/file-system/src/debug/java', not found
file or directory '/app/applet/file-system/src/debug/kotlin', not found
file or directory '/app/applet/file-system/src/debug/kotlin', not found
file or directory '/app/applet/file-system/src/main/java', not found
file or directory '/app/applet/file-system/src/main/java', not found
file or directory '/app/applet/file-system/src/debug/java', not found
file or directory '/app/applet/file-system/src/debug/java', not found
file or directory '/app/applet/file-system/build/generated/ksp/debug/java', not found
file or directory '/app/applet/file-system/build/generated/ksp/debug/kotlin', not found
Kotlin source files: /app/applet/file-system/src/main/kotlin/com/wakwau/xplore/core/storage/filesystem/bridge/CrossFilesystemDirectoryTransferHelper.kt, /app/applet/file-system/src/main/kotlin/com/wakwau/xplore/core/storage/filesystem/bridge/CrossFilesystemTransferBridge.kt, /app/applet/file-system/src/main/kotlin/com/wakwau/xplore/core/storage/filesystem/bridge/DirectoryManifestValidator.kt, /app/applet/file-system/src/main/kotlin/com/wakwau/xplore/core/storage/filesystem/local/LocalPathSanitizer.kt, /app/applet/file-system/src/main/kotlin/com/wakwau/xplore/core/storage/filesystem/local/LocalStreamTransferHelper.kt, /app/applet/file-system/src/main/kotlin/com/wakwau/xplore/core/storage/filesystem/local/LocalDirectoryOperationHelper.kt, /app/applet/file-system/src/main/kotlin/com/wakwau/xplore/core/storage/filesystem/local/LocalFileSystem.kt, /app/applet/file-system/src/main/kotlin/com/wakwau/xplore/core/storage/filesystem/shizuku/ShizukuFileTransferHandler.kt, /app/applet/file-system/src/main/kotlin/com/wakwau/xplore/core/storage/filesystem/shizuku/SafShizukuFileSystem.kt, /app/applet/file-system/src/main/kotlin/com/wakwau/xplore/core/storage/filesystem/shizuku/ShizukuBundleMapper.kt, /app/applet/file-system/src/main/kotlin/com/wakwau/xplore/core/storage/filesystem/saf/SafUriResolver.kt, /app/applet/file-system/src/main/kotlin/com/wakwau/xplore/core/storage/filesystem/saf/SafMoveTargetValidator.kt, /app/applet/file-system/src/main/kotlin/com/wakwau/xplore/core/storage/filesystem/saf/SafStreamTransferHelper.kt, /app/applet/file-system/src/main/kotlin/com/wakwau/xplore/core/storage/filesystem/saf/SafFileSystem.kt, /app/applet/file-system/src/main/kotlin/com/wakwau/xplore/core/storage/filesystem/root/RootStreamTransferHelper.kt, /app/applet/file-system/src/main/kotlin/com/wakwau/xplore/core/storage/filesystem/root/RootDirectoryListingHelper.kt, /app/applet/file-system/src/main/kotlin/com/wakwau/xplore/core/storage/filesystem/root/RootFileSystem.kt, /app/applet/file-system/src/main/kotlin/com/wakwau/xplore/core/storage/filesystem/StorageBackendClassifier.kt, /app/applet/file-system/src/main/kotlin/com/wakwau/xplore/core/storage/provider/ShareableUriResolverImpl.kt, /app/applet/file-system/src/main/kotlin/com/wakwau/xplore/core/storage/provider/volume/StorageVolumeChangeMonitor.kt, /app/applet/file-system/src/main/kotlin/com/wakwau/xplore/core/storage/provider/volume/ExternalVolumeProvider.kt, /app/applet/file-system/src/main/kotlin/com/wakwau/xplore/core/storage/provider/volume/RootVolumeProvider.kt, /app/applet/file-system/src/main/kotlin/com/wakwau/xplore/core/storage/provider/volume/InternalVolumeProvider.kt, /app/applet/file-system/src/main/kotlin/com/wakwau/xplore/core/storage/provider/volume/StorageVolumeBroadcastReceiver.kt, /app/applet/file-system/src/main/kotlin/com/wakwau/xplore/core/storage/provider/volume/SafVolumeProvider.kt, /app/applet/file-system/src/main/kotlin/com/wakwau/xplore/core/storage/provider/InternalStoragePathResolver.kt, /app/applet/file-system/src/main/kotlin/com/wakwau/xplore/core/storage/provider/SafVolumeNameResolver.kt, /app/applet/file-system/src/main/kotlin/com/wakwau/xplore/core/storage/provider/StorageSpaceReader.kt, /app/applet/file-system/src/main/kotlin/com/wakwau/xplore/core/storage/repository/StorageVolumeRepositoryImpl.kt, /app/applet/file-system/src/main/kotlin/com/wakwau/xplore/core/storage/repository/DirectoryRepositoryImpl.kt, /app/applet/file-system/src/main/kotlin/com/wakwau/xplore/core/storage/repository/FileRepositoryImpl.kt, /app/applet/file-system/src/main/kotlin/com/wakwau/xplore/core/storage/shizuku/ShizukuConnectionClient.kt, /app/applet/file-system/src/main/kotlin/com/wakwau/xplore/core/storage/shizuku/PrivilegedFileService.kt, /app/applet/file-system/src/main/kotlin/com/wakwau/xplore/core/storage/shizuku/ShizukuHelper.kt, /app/applet/file-system/src/main/kotlin/com/wakwau/xplore/core/storage/shizuku/ShizukuIpcConstants.kt, /app/applet/file-system/src/main/kotlin/com/wakwau/xplore/core/storage/permission/FilePermissionFormatter.kt, /app/applet/file-system/src/main/kotlin/com/wakwau/xplore/core/storage/permission/SuPermissionChecker.kt, /app/applet/file-system/src/main/kotlin/com/wakwau/xplore/core/storage/permission/ShizukuPermissionChecker.kt, /app/applet/file-system/src/main/kotlin/com/wakwau/xplore/core/storage/permission/StoragePermissionCheckerImpl.kt, /app/applet/file-system/src/main/kotlin/com/wakwau/xplore/core/storage/permission/CompositeStoragePermissionChecker.kt, /app/applet/file-system/src/main/kotlin/com/wakwau/xplore/core/storage/permission/SafPermissionHandlerImpl.kt, /app/applet/file-system/src/main/kotlin/com/wakwau/xplore/core/storage/metadata/FileMetadataReader.kt, /app/applet/file-system/src/main/kotlin/com/wakwau/xplore/core/storage/metadata/LocalDetailedMetadataReader.kt, /app/applet/file-system/src/main/kotlin/com/wakwau/xplore/core/storage/checksum/LocalFileChecksumCalculator.kt, /app/applet/file-system/src/main/kotlin/com/wakwau/xplore/core/storage/error/StorageErrorMapperImpl.kt, /app/applet/file-system/src/main/kotlin/com/wakwau/xplore/core/storage/mapper/FileItemMapper.kt
Java source files: /app/applet/file-system/build/generated/aidl_source_output_dir/debug/out/com/wakwau/xplore/core/storage/shizuku/IPrivilegedFileService.java
Script source files: 
Script file extensions: 
Using Kotlin/JVM incremental compilation
[KOTLIN] Kotlin compilation 'jdkHome' argument: /usr/lib/jvm/temurin-21-jdk-amd64
Finished executing kotlin compiler using IN_PROCESS strategy
w: file:///app/applet/file-system/src/main/kotlin/com/wakwau/xplore/core/storage/provider/volume/ExternalVolumeProvider.kt:21:42 'static fun getExternalFilesDirs(p0: @NonNull() Context, p1: @Nullable() String?): (@NonNull() Array<File!>..@NonNull() Array<out File!>)' is deprecated. Deprecated in Java.
w: file:///app/applet/file-system/src/main/kotlin/com/wakwau/xplore/core/storage/repository/StorageVolumeRepositoryImpl.kt:58:10 This declaration needs opt-in. Its usage should be marked with '@kotlinx.coroutines.ExperimentalCoroutinesApi' or '@OptIn(kotlinx.coroutines.ExperimentalCoroutinesApi::class)'
Stored cache entry for task ':file-system:compileDebugKotlin' with cache key 10879db084b693e5e4cc56699ce59db3
Resolve mutations for :file-system:compileDebugJavaWithJavac (Thread[#425,included builds,5,main]) started.
Resolve mutations for :file-system:processDebugJavaRes (Thread[#427,Execution worker Thread 2,5,main]) started.
:file-system:processDebugJavaRes (Thread[#427,Execution worker Thread 2,5,main]) started.
:file-system:compileDebugJavaWithJavac (Thread[#428,Execution worker Thread 3,5,main]) started.

> Task :file-system:processDebugJavaRes UP-TO-DATE
file or directory '/app/applet/file-system/src/main/resources', not found
file or directory '/app/applet/file-system/src/debug/resources', not found
Caching disabled for task ':file-system:processDebugJavaRes' because:
  Caching has been disabled for the task
Skipping task ':file-system:processDebugJavaRes' as it is up-to-date.
work action resolve out (project :file-system) (Thread[#427,Execution worker Thread 2,5,main]) started.

> Task :file-system:compileDebugJavaWithJavac UP-TO-DATE
Build cache key for task ':file-system:compileDebugJavaWithJavac' is 90e9ecbe6e622293932575301a5bc61f
Skipping task ':file-system:compileDebugJavaWithJavac' as it is up-to-date.
No compile result for :file-system:compileDebugJavaWithJavac
Resolve mutations for :file-system:bundleLibRuntimeToJarDebug (Thread[#428,Execution worker Thread 3,5,main]) started.
:file-system:bundleLibRuntimeToJarDebug (Thread[#428,Execution worker Thread 3,5,main]) started.
Resolve mutations for :file-system:bundleLibCompileToJarDebug (Thread[#427,Execution worker Thread 2,5,main]) started.
:file-system:bundleLibCompileToJarDebug (Thread[#427,Execution worker Thread 2,5,main]) started.

> Task :file-system:bundleLibRuntimeToJarDebug
Caching disabled for task ':file-system:bundleLibRuntimeToJarDebug' because:
  Simple merging task
Task ':file-system:bundleLibRuntimeToJarDebug' is not up-to-date because:
  Input property 'classes' file /app/applet/file-system/build/intermediates/built_in_kotlinc/debug/compileDebugKotlin/classes/com/wakwau/xplore/core/storage/provider/volume/StorageVolumeBroadcastReceiver.class has changed.
work action resolve classes.jar (project :file-system) (Thread[#428,Execution worker Thread 3,5,main]) started.

> Task :file-system:bundleLibCompileToJarDebug
Caching disabled for task ':file-system:bundleLibCompileToJarDebug' because:
  Simple merging task
Task ':file-system:bundleLibCompileToJarDebug' is not up-to-date because:
  Input property 'classes' file /app/applet/file-system/build/intermediates/built_in_kotlinc/debug/compileDebugKotlin/classes/com/wakwau/xplore/core/storage/provider/volume/StorageVolumeBroadcastReceiver.class has changed.
work action resolve classes.jar (project :file-system) (Thread[#427,Execution worker Thread 2,5,main]) started.
Resolve mutations for :file-system:kspDebugUnitTestKotlin (Thread[#427,Execution worker Thread 2,5,main]) started.
:file-system:kspDebugUnitTestKotlin (Thread[#427,Execution worker Thread 2,5,main]) started.

> Task :file-system:kspDebugUnitTestKotlin SKIPPED
Skipping task ':file-system:kspDebugUnitTestKotlin' as task onlyIf 'Task satisfies onlyIf spec' is false.
Resolve mutations for :file-system:compileDebugUnitTestKotlin (Thread[#427,Execution worker Thread 2,5,main]) started.
:file-system:compileDebugUnitTestKotlin (Thread[#427,Execution worker Thread 2,5,main]) started.

> Task :file-system:compileDebugUnitTestKotlin
file or directory '/app/applet/file-system/src/test/java', not found
file or directory '/app/applet/file-system/src/testDebug/java', not found
file or directory '/app/applet/file-system/src/testDebug/kotlin', not found
file or directory '/app/applet/file-system/src/test/java', not found
file or directory '/app/applet/file-system/src/testDebug/java', not found
file or directory '/app/applet/file-system/src/test/java', not found
file or directory '/app/applet/file-system/src/testDebug/java', not found
file or directory '/app/applet/file-system/src/testDebug/kotlin', not found
file or directory '/app/applet/file-system/src/test/java', not found
file or directory '/app/applet/file-system/src/testDebug/java', not found
Build cache key for BuildToolsApiClasspathEntrySnapshotTransform: /app/applet/file-system/build/intermediates/compile_library_classes_jar/debug/bundleLibCompileToJarDebug/classes.jar is 3744b1d730f95557ae127cac8a1d16f1
Stored cache entry for BuildToolsApiClasspathEntrySnapshotTransform: /app/applet/file-system/build/intermediates/compile_library_classes_jar/debug/bundleLibCompileToJarDebug/classes.jar with cache key 3744b1d730f95557ae127cac8a1d16f1
file or directory '/app/applet/file-system/src/test/java', not found
file or directory '/app/applet/file-system/src/testDebug/java', not found
file or directory '/app/applet/file-system/src/testDebug/kotlin', not found
file or directory '/app/applet/file-system/src/test/java', not found
file or directory '/app/applet/file-system/src/testDebug/java', not found
Build cache key for task ':file-system:compileDebugUnitTestKotlin' is 50c7048167d3952137d8371b6d53ec90
Task ':file-system:compileDebugUnitTestKotlin' is not up-to-date because:
  Input property 'sources' file /app/applet/file-system/src/test/kotlin/com/wakwau/xplore/core/storage/repository/StorageVolumeRepositoryImplTest.kt has changed.
file or directory '/app/applet/file-system/src/test/java', not found
file or directory '/app/applet/file-system/src/test/java', not found
file or directory '/app/applet/file-system/src/testDebug/java', not found
file or directory '/app/applet/file-system/src/testDebug/java', not found
file or directory '/app/applet/file-system/src/testDebug/kotlin', not found
file or directory '/app/applet/file-system/src/testDebug/kotlin', not found
file or directory '/app/applet/file-system/src/test/java', not found
file or directory '/app/applet/file-system/src/test/java', not found
file or directory '/app/applet/file-system/src/testDebug/java', not found
file or directory '/app/applet/file-system/src/testDebug/java', not found
file or directory '/app/applet/file-system/build/generated/ksp/debugUnitTest/java', not found
file or directory '/app/applet/file-system/build/generated/ksp/debugUnitTest/kotlin', not found
file or directory '/app/applet/file-system/src/test/java', not found
file or directory '/app/applet/file-system/src/test/java', not found
file or directory '/app/applet/file-system/src/testDebug/java', not found
file or directory '/app/applet/file-system/src/testDebug/java', not found
file or directory '/app/applet/file-system/src/testDebug/kotlin', not found
file or directory '/app/applet/file-system/src/testDebug/kotlin', not found
file or directory '/app/applet/file-system/src/test/java', not found
file or directory '/app/applet/file-system/src/test/java', not found
file or directory '/app/applet/file-system/src/testDebug/java', not found
file or directory '/app/applet/file-system/src/testDebug/java', not found
file or directory '/app/applet/file-system/build/generated/ksp/debugUnitTest/java', not found
file or directory '/app/applet/file-system/build/generated/ksp/debugUnitTest/kotlin', not found
file or directory '/app/applet/file-system/src/test/java', not found
file or directory '/app/applet/file-system/src/test/java', not found
file or directory '/app/applet/file-system/src/testDebug/java', not found
file or directory '/app/applet/file-system/src/testDebug/java', not found
file or directory '/app/applet/file-system/src/testDebug/kotlin', not found
file or directory '/app/applet/file-system/src/testDebug/kotlin', not found
file or directory '/app/applet/file-system/src/test/java', not found
file or directory '/app/applet/file-system/src/test/java', not found
file or directory '/app/applet/file-system/src/testDebug/java', not found
file or directory '/app/applet/file-system/src/testDebug/java', not found
file or directory '/app/applet/file-system/build/generated/ksp/debugUnitTest/java', not found
file or directory '/app/applet/file-system/build/generated/ksp/debugUnitTest/kotlin', not found
file or directory '/app/applet/file-system/src/test/java', not found
file or directory '/app/applet/file-system/src/test/java', not found
file or directory '/app/applet/file-system/src/testDebug/java', not found
file or directory '/app/applet/file-system/src/testDebug/java', not found
file or directory '/app/applet/file-system/src/testDebug/kotlin', not found
file or directory '/app/applet/file-system/src/testDebug/kotlin', not found
file or directory '/app/applet/file-system/src/test/java', not found
file or directory '/app/applet/file-system/src/test/java', not found
file or directory '/app/applet/file-system/src/testDebug/java', not found
file or directory '/app/applet/file-system/src/testDebug/java', not found
file or directory '/app/applet/file-system/build/generated/ksp/debugUnitTest/java', not found
file or directory '/app/applet/file-system/build/generated/ksp/debugUnitTest/kotlin', not found
Kotlin source files: /app/applet/file-system/src/test/kotlin/com/wakwau/xplore/core/storage/testutil/TestStorageErrorMapper.kt, /app/applet/file-system/src/test/kotlin/com/wakwau/xplore/core/storage/testutil/TestFileSystemContracts.kt, /app/applet/file-system/src/test/kotlin/com/wakwau/xplore/core/storage/filesystem/local/LocalStreamTransferHelperTest.kt, /app/applet/file-system/src/test/kotlin/com/wakwau/xplore/core/storage/filesystem/local/LocalDirectoryOperationHelperTest.kt, /app/applet/file-system/src/test/kotlin/com/wakwau/xplore/core/storage/filesystem/bridge/DirectoryManifestValidatorTest.kt, /app/applet/file-system/src/test/kotlin/com/wakwau/xplore/core/storage/filesystem/saf/SafMoveTargetValidatorTest.kt, /app/applet/file-system/src/test/kotlin/com/wakwau/xplore/core/storage/filesystem/StorageBackendClassifierTest.kt, /app/applet/file-system/src/test/kotlin/com/wakwau/xplore/core/storage/mapper/FileItemMapperTest.kt, /app/applet/file-system/src/test/kotlin/com/wakwau/xplore/core/storage/repository/StorageVolumeRepositoryImplTest.kt, /app/applet/file-system/src/test/kotlin/com/wakwau/xplore/core/storage/repository/DirectoryRepositoryImplTest.kt, /app/applet/file-system/src/test/kotlin/com/wakwau/xplore/core/storage/repository/FileRepositoryCrossBridgeTest.kt, /app/applet/file-system/src/test/kotlin/com/wakwau/xplore/core/storage/repository/FileRepositoryImplTest.kt, /app/applet/file-system/src/test/kotlin/com/wakwau/xplore/core/storage/error/StorageErrorMapperTest.kt, /app/applet/file-system/src/test/kotlin/com/wakwau/xplore/core/storage/metadata/LocalDetailedMetadataReaderTest.kt, /app/applet/file-system/src/test/kotlin/com/wakwau/xplore/core/storage/metadata/FileMetadataReaderTest.kt, /app/applet/file-system/src/test/kotlin/com/wakwau/xplore/core/storage/shizuku/PrivilegedFileServicePathResolutionTest.kt, /app/applet/file-system/src/test/kotlin/com/wakwau/xplore/core/storage/provider/InternalVolumeProviderTest.kt
Java source files: 
Script source files: 
Script file extensions: 
Using Kotlin/JVM incremental compilation
[KOTLIN] Kotlin compilation 'jdkHome' argument: /usr/lib/jvm/temurin-21-jdk-amd64
Finished executing kotlin compiler using IN_PROCESS strategy
w: file:///app/applet/file-system/src/test/kotlin/com/wakwau/xplore/core/storage/filesystem/local/LocalStreamTransferHelperTest.kt:82:30 Only safe (?.) or non-null asserted (!!.) calls are allowed on a nullable receiver of type 'File?'.
w: file:///app/applet/file-system/src/test/kotlin/com/wakwau/xplore/core/storage/repository/StorageVolumeRepositoryImplTest.kt:34:9 This declaration needs opt-in. Its usage should be marked with '@kotlinx.coroutines.ExperimentalCoroutinesApi' or '@OptIn(kotlinx.coroutines.ExperimentalCoroutinesApi::class)'
w: file:///app/applet/file-system/src/test/kotlin/com/wakwau/xplore/core/storage/repository/StorageVolumeRepositoryImplTest.kt:36:9 This declaration needs opt-in. Its usage should be marked with '@kotlinx.coroutines.ExperimentalCoroutinesApi' or '@OptIn(kotlinx.coroutines.ExperimentalCoroutinesApi::class)'
w: file:///app/applet/file-system/src/test/kotlin/com/wakwau/xplore/core/storage/repository/StorageVolumeRepositoryImplTest.kt:42:9 This declaration needs opt-in. Its usage should be marked with '@kotlinx.coroutines.ExperimentalCoroutinesApi' or '@OptIn(kotlinx.coroutines.ExperimentalCoroutinesApi::class)'
w: file:///app/applet/file-system/src/test/kotlin/com/wakwau/xplore/core/storage/repository/StorageVolumeRepositoryImplTest.kt:54:9 This declaration needs opt-in. Its usage should be marked with '@kotlinx.coroutines.ExperimentalCoroutinesApi' or '@OptIn(kotlinx.coroutines.ExperimentalCoroutinesApi::class)'
w: file:///app/applet/file-system/src/test/kotlin/com/wakwau/xplore/core/storage/repository/StorageVolumeRepositoryImplTest.kt:56:9 This declaration needs opt-in. Its usage should be marked with '@kotlinx.coroutines.ExperimentalCoroutinesApi' or '@OptIn(kotlinx.coroutines.ExperimentalCoroutinesApi::class)'
w: file:///app/applet/file-system/src/test/kotlin/com/wakwau/xplore/core/storage/repository/StorageVolumeRepositoryImplTest.kt:69:9 This declaration needs opt-in. Its usage should be marked with '@kotlinx.coroutines.ExperimentalCoroutinesApi' or '@OptIn(kotlinx.coroutines.ExperimentalCoroutinesApi::class)'
w: file:///app/applet/file-system/src/test/kotlin/com/wakwau/xplore/core/storage/repository/StorageVolumeRepositoryImplTest.kt:71:9 This declaration needs opt-in. Its usage should be marked with '@kotlinx.coroutines.ExperimentalCoroutinesApi' or '@OptIn(kotlinx.coroutines.ExperimentalCoroutinesApi::class)'
w: file:///app/applet/file-system/src/test/kotlin/com/wakwau/xplore/core/storage/repository/StorageVolumeRepositoryImplTest.kt:73:9 This declaration needs opt-in. Its usage should be marked with '@kotlinx.coroutines.ExperimentalCoroutinesApi' or '@OptIn(kotlinx.coroutines.ExperimentalCoroutinesApi::class)'
w: file:///app/applet/file-system/src/test/kotlin/com/wakwau/xplore/core/storage/repository/StorageVolumeRepositoryImplTest.kt:75:9 This declaration needs opt-in. Its usage should be marked with '@kotlinx.coroutines.ExperimentalCoroutinesApi' or '@OptIn(kotlinx.coroutines.ExperimentalCoroutinesApi::class)'
w: file:///app/applet/file-system/src/test/kotlin/com/wakwau/xplore/core/storage/repository/StorageVolumeRepositoryImplTest.kt:100:9 This declaration needs opt-in. Its usage should be marked with '@kotlinx.coroutines.ExperimentalCoroutinesApi' or '@OptIn(kotlinx.coroutines.ExperimentalCoroutinesApi::class)'
w: file:///app/applet/file-system/src/test/kotlin/com/wakwau/xplore/core/storage/repository/StorageVolumeRepositoryImplTest.kt:104:9 This declaration needs opt-in. Its usage should be marked with '@kotlinx.coroutines.ExperimentalCoroutinesApi' or '@OptIn(kotlinx.coroutines.ExperimentalCoroutinesApi::class)'
Stored cache entry for task ':file-system:compileDebugUnitTestKotlin' with cache key 50c7048167d3952137d8371b6d53ec90
Resolve mutations for :file-system:compileDebugUnitTestJavaWithJavac (Thread[#427,Execution worker Thread 2,5,main]) started.
Resolve mutations for :file-system:processDebugUnitTestJavaRes (Thread[#428,Execution worker Thread 3,5,main]) started.
:file-system:processDebugUnitTestJavaRes (Thread[#428,Execution worker Thread 3,5,main]) started.
:file-system:compileDebugUnitTestJavaWithJavac (Thread[#427,Execution worker Thread 2,5,main]) started.

> Task :file-system:compileDebugUnitTestJavaWithJavac NO-SOURCE
Skipping task ':file-system:compileDebugUnitTestJavaWithJavac' as it has no source files and no previous output files.

> Task :file-system:processDebugUnitTestJavaRes UP-TO-DATE
file or directory '/app/applet/file-system/src/test/resources', not found
file or directory '/app/applet/file-system/src/testDebug/resources', not found
Caching disabled for task ':file-system:processDebugUnitTestJavaRes' because:
  Caching has been disabled for the task
Skipping task ':file-system:processDebugUnitTestJavaRes' as it is up-to-date.
Resolve mutations for :file-system:testDebugUnitTest (Thread[#428,Execution worker Thread 3,5,main]) started.
:file-system:testDebugUnitTest (Thread[#428,Execution worker Thread 3,5,main]) started.
Gradle Test Executor 8 started executing tests.
Gradle Test Executor 8 finished executing tests.

> Task :file-system:testDebugUnitTest FAILED
Build cache key for task ':file-system:testDebugUnitTest' is 3bacc3f002c9a34e44c8e31d04ff5d5b
Task ':file-system:testDebugUnitTest' is not up-to-date because:
  Task has failed previously.
file or directory '/app/applet/file-system/build/generated/ksp/debugUnitTest/resources', not found
file or directory '/app/applet/file-system/build/generated/ksp/debugUnitTest/classes', not found
file or directory '/app/applet/file-system/build/intermediates/javac/debugUnitTest/compileDebugUnitTestJavaWithJavac/classes', not found
Starting process 'Gradle Test Executor 8'. Working directory: /app/applet/file-system Command: /usr/lib/jvm/temurin-21-jdk-amd64/bin/java -Djava.awt.headless=true -Djava.library.path=/usr/java/packages/lib:/usr/lib64:/lib64:/lib:/usr/lib:/app/applet/file-system/src/testDebug/jniLibs:/app/applet/file-system/src/test/jniLibs -Dorg.gradle.internal.worker.tmpdir=/app/applet/file-system/build/tmp/testDebugUnitTest/work --add-opens=java.base/java.io=ALL-UNNAMED @/opt/gradle/.gradle/.tmp/gradle-worker-classpath7969418434498128649txt -Xmx512m -Dfile.encoding=UTF-8 -Duser.country=US -Duser.language=en -Duser.variant -ea worker.org.gradle.process.internal.worker.GradleWorkerMain 'Gradle Test Executor 8'
Successfully started process 'Gradle Test Executor 8'

StorageVolumeRepositoryImplTest > collectorCompletion_unregistersReceiver STANDARD_OUT
    StorageVolumeBroadcastReceiver: register called
    StorageVolumeBroadcastReceiver: caught exception: java.lang.RuntimeException: Method addAction in android.content.IntentFilter not mocked. See https://developer.android.com/r/studio-ui/build/not-mocked for details.
    RecordingContext: registerReceiver called, receiverRegistered=false

StorageVolumeRepositoryImplTest > collectorCompletion_unregistersReceiver FAILED
    java.lang.AssertionError: expected:<1> but was:<0>
        at org.junit.Assert.fail(Assert.java:89)
        at org.junit.Assert.failNotEquals(Assert.java:835)
        at org.junit.Assert.assertEquals(Assert.java:120)
        at org.junit.Assert.assertEquals(Assert.java:146)
        at com.wakwau.xplore.core.storage.repository.StorageVolumeRepositoryImplTest$collectorCompletion_unregistersReceiver$1.invokeSuspend(StorageVolumeRepositoryImplTest.kt:59)
        at kotlin.coroutines.jvm.internal.BaseContinuationImpl.resumeWith(ContinuationImpl.kt:33)
        at kotlinx.coroutines.DispatchedTask.run(DispatchedTask.kt:100)
        at kotlinx.coroutines.test.TestDispatcher.processEvent$kotlinx_coroutines_test(TestDispatcher.kt:24)
        at kotlinx.coroutines.test.TestCoroutineScheduler.tryRunNextTaskUnless$kotlinx_coroutines_test(TestCoroutineScheduler.kt:99)
        at kotlinx.coroutines.test.TestBuildersKt__TestBuildersKt$runTest$2$1$workRunner$1.invokeSuspend(TestBuilders.kt:326)
        at kotlin.coroutines.jvm.internal.BaseContinuationImpl.resumeWith(ContinuationImpl.kt:33)
        at kotlinx.coroutines.DispatchedTask.run(DispatchedTask.kt:100)
        at kotlinx.coroutines.EventLoopImplBase.processNextEvent(EventLoop.common.kt:263)
        at kotlinx.coroutines.BlockingCoroutine.joinBlocking(Builders.kt:94)
        at kotlinx.coroutines.BuildersKt__BuildersKt.runBlocking(Builders.kt:70)
        at kotlinx.coroutines.BuildersKt.runBlocking(Unknown Source)
        at kotlinx.coroutines.BuildersKt__BuildersKt.runBlocking$default(Builders.kt:48)
        at kotlinx.coroutines.BuildersKt.runBlocking$default(Unknown Source)
        at kotlinx.coroutines.test.TestBuildersJvmKt.createTestResult(TestBuildersJvm.kt:10)
        at kotlinx.coroutines.test.TestBuildersKt__TestBuildersKt.runTest-8Mi8wO0(TestBuilders.kt:309)
        at kotlinx.coroutines.test.TestBuildersKt.runTest-8Mi8wO0(Unknown Source)
        at kotlinx.coroutines.test.TestBuildersKt__TestBuildersKt.runTest-8Mi8wO0(TestBuilders.kt:167)
        at kotlinx.coroutines.test.TestBuildersKt.runTest-8Mi8wO0(Unknown Source)
        at kotlinx.coroutines.test.TestBuildersKt__TestBuildersKt.runTest-8Mi8wO0$default(TestBuilders.kt:159)
        at kotlinx.coroutines.test.TestBuildersKt.runTest-8Mi8wO0$default(Unknown Source)
        at com.wakwau.xplore.core.storage.repository.StorageVolumeRepositoryImplTest.collectorCompletion_unregistersReceiver(StorageVolumeRepositoryImplTest.kt:49)

StorageVolumeRepositoryImplTest > resubscribe_doesNotAccumulateReceivers STANDARD_OUT
    StorageVolumeBroadcastReceiver: register called
    StorageVolumeBroadcastReceiver: caught exception: java.lang.RuntimeException: Method addAction in android.content.IntentFilter not mocked. See https://developer.android.com/r/studio-ui/build/not-mocked for details.
    RecordingContext: registerReceiver called, receiverRegistered=false

StorageVolumeRepositoryImplTest > resubscribe_doesNotAccumulateReceivers FAILED
    java.lang.AssertionError: expected:<2> but was:<1>
        at org.junit.Assert.fail(Assert.java:89)
        at org.junit.Assert.failNotEquals(Assert.java:835)
        at org.junit.Assert.assertEquals(Assert.java:120)
        at org.junit.Assert.assertEquals(Assert.java:146)
        at com.wakwau.xplore.core.storage.repository.StorageVolumeRepositoryImplTest$resubscribe_doesNotAccumulateReceivers$1.invokeSuspend(StorageVolumeRepositoryImplTest.kt:77)
        at kotlin.coroutines.jvm.internal.BaseContinuationImpl.resumeWith(ContinuationImpl.kt:33)
        at kotlinx.coroutines.DispatchedTask.run(DispatchedTask.kt:100)
        at kotlinx.coroutines.test.TestDispatcher.processEvent$kotlinx_coroutines_test(TestDispatcher.kt:24)
        at kotlinx.coroutines.test.TestCoroutineScheduler.tryRunNextTaskUnless$kotlinx_coroutines_test(TestCoroutineScheduler.kt:99)
        at kotlinx.coroutines.test.TestBuildersKt__TestBuildersKt$runTest$2$1$workRunner$1.invokeSuspend(TestBuilders.kt:326)
        at kotlin.coroutines.jvm.internal.BaseContinuationImpl.resumeWith(ContinuationImpl.kt:33)
        at kotlinx.coroutines.DispatchedTask.run(DispatchedTask.kt:100)
        at kotlinx.coroutines.EventLoopImplBase.processNextEvent(EventLoop.common.kt:263)
        at kotlinx.coroutines.BlockingCoroutine.joinBlocking(Builders.kt:94)
        at kotlinx.coroutines.BuildersKt__BuildersKt.runBlocking(Builders.kt:70)
        at kotlinx.coroutines.BuildersKt.runBlocking(Unknown Source)
        at kotlinx.coroutines.BuildersKt__BuildersKt.runBlocking$default(Builders.kt:48)
        at kotlinx.coroutines.BuildersKt.runBlocking$default(Unknown Source)
        at kotlinx.coroutines.test.TestBuildersJvmKt.createTestResult(TestBuildersJvm.kt:10)
        at kotlinx.coroutines.test.TestBuildersKt__TestBuildersKt.runTest-8Mi8wO0(TestBuilders.kt:309)
        at kotlinx.coroutines.test.TestBuildersKt.runTest-8Mi8wO0(Unknown Source)
        at kotlinx.coroutines.test.TestBuildersKt__TestBuildersKt.runTest-8Mi8wO0(TestBuilders.kt:167)
        at kotlinx.coroutines.test.TestBuildersKt.runTest-8Mi8wO0(Unknown Source)
        at kotlinx.coroutines.test.TestBuildersKt__TestBuildersKt.runTest-8Mi8wO0$default(TestBuilders.kt:159)
        at kotlinx.coroutines.test.TestBuildersKt.runTest-8Mi8wO0$default(Unknown Source)
        at com.wakwau.xplore.core.storage.repository.StorageVolumeRepositoryImplTest.resubscribe_doesNotAccumulateReceivers(StorageVolumeRepositoryImplTest.kt:64)

StorageVolumeRepositoryImplTest > unregisterFailure_isPropagatedAndRegistrationStateIsRetained STANDARD_OUT
    StorageVolumeBroadcastReceiver: register called
    StorageVolumeBroadcastReceiver: caught exception: java.lang.RuntimeException: Method addAction in android.content.IntentFilter not mocked. See https://developer.android.com/r/studio-ui/build/not-mocked for details.
    RecordingContext: registerReceiver called, receiverRegistered=false
    StorageVolumeBroadcastReceiver: unregister called
    StorageVolumeBroadcastReceiver: unregister called

StorageVolumeRepositoryImplTest > close_cancelsRefreshAndUnregistersReceiver STANDARD_OUT
    StorageVolumeBroadcastReceiver: register called
    StorageVolumeBroadcastReceiver: caught exception: java.lang.RuntimeException: Method addAction in android.content.IntentFilter not mocked. See https://developer.android.com/r/studio-ui/build/not-mocked for details.
    RecordingContext: registerReceiver called, receiverRegistered=false
    StorageVolumeBroadcastReceiver: unregister called

StorageVolumeRepositoryImplTest > concurrentCollectors_registerReceiverOnlyOnce STANDARD_OUT
    StorageVolumeBroadcastReceiver: register called
    StorageVolumeBroadcastReceiver: caught exception: java.lang.RuntimeException: Method addAction in android.content.IntentFilter not mocked. See https://developer.android.com/r/studio-ui/build/not-mocked for details.
    RecordingContext: registerReceiver called, receiverRegistered=false
    Before register assert: registerCount = 1
    Before unregister assert: unregisterCount = 0

StorageVolumeRepositoryImplTest > concurrentCollectors_registerReceiverOnlyOnce FAILED
    java.lang.AssertionError: expected:<1> but was:<0>
        at org.junit.Assert.fail(Assert.java:89)
        at org.junit.Assert.failNotEquals(Assert.java:835)
        at org.junit.Assert.assertEquals(Assert.java:120)
        at org.junit.Assert.assertEquals(Assert.java:146)
        at com.wakwau.xplore.core.storage.repository.StorageVolumeRepositoryImplTest$concurrentCollectors_registerReceiverOnlyOnce$1.invokeSuspend(StorageVolumeRepositoryImplTest.kt:44)
        at kotlin.coroutines.jvm.internal.BaseContinuationImpl.resumeWith(ContinuationImpl.kt:33)
        at kotlinx.coroutines.DispatchedTask.run(DispatchedTask.kt:100)
        at kotlinx.coroutines.test.TestDispatcher.processEvent$kotlinx_coroutines_test(TestDispatcher.kt:24)
        at kotlinx.coroutines.test.TestCoroutineScheduler.tryRunNextTaskUnless$kotlinx_coroutines_test(TestCoroutineScheduler.kt:99)
        at kotlinx.coroutines.test.TestBuildersKt__TestBuildersKt$runTest$2$1$workRunner$1.invokeSuspend(TestBuilders.kt:326)
        at kotlin.coroutines.jvm.internal.BaseContinuationImpl.resumeWith(ContinuationImpl.kt:33)
        at kotlinx.coroutines.DispatchedTask.run(DispatchedTask.kt:100)
        at kotlinx.coroutines.EventLoopImplBase.processNextEvent(EventLoop.common.kt:263)
        at kotlinx.coroutines.BlockingCoroutine.joinBlocking(Builders.kt:94)
        at kotlinx.coroutines.BuildersKt__BuildersKt.runBlocking(Builders.kt:70)
        at kotlinx.coroutines.BuildersKt.runBlocking(Unknown Source)
        at kotlinx.coroutines.BuildersKt__BuildersKt.runBlocking$default(Builders.kt:48)
        at kotlinx.coroutines.BuildersKt.runBlocking$default(Unknown Source)
        at kotlinx.coroutines.test.TestBuildersJvmKt.createTestResult(TestBuildersJvm.kt:10)
        at kotlinx.coroutines.test.TestBuildersKt__TestBuildersKt.runTest-8Mi8wO0(TestBuilders.kt:309)
        at kotlinx.coroutines.test.TestBuildersKt.runTest-8Mi8wO0(Unknown Source)
        at kotlinx.coroutines.test.TestBuildersKt__TestBuildersKt.runTest-8Mi8wO0(TestBuilders.kt:167)
        at kotlinx.coroutines.test.TestBuildersKt.runTest-8Mi8wO0(Unknown Source)
        at kotlinx.coroutines.test.TestBuildersKt__TestBuildersKt.runTest-8Mi8wO0$default(TestBuilders.kt:159)
        at kotlinx.coroutines.test.TestBuildersKt.runTest-8Mi8wO0$default(Unknown Source)
        at com.wakwau.xplore.core.storage.repository.StorageVolumeRepositoryImplTest.concurrentCollectors_registerReceiverOnlyOnce(StorageVolumeRepositoryImplTest.kt:29)

6 tests completed, 3 failed
Generating HTML test report...
Finished generating test html results (0.033 secs) into: /app/applet/file-system/build/reports/tests/testDebugUnitTest
Finished generating test XML results (0.021 secs) into: /app/applet/file-system/build/test-results/testDebugUnitTest
Build 95df24e4-50d5-4ef0-8623-55b39fa76a55 is closed

FAILURE: Build failed with an exception.

* What went wrong:
Execution failed for task ':file-system:testDebugUnitTest'.
> There were failing tests. See the report at: file:///app/applet/file-system/build/reports/tests/testDebugUnitTest/index.html

* Try:
> Run with --scan to get full insights from a Build Scan (powered by Develocity).

BUILD FAILED in 34s
21 actionable tasks: 5 executed, 16 up-to-date
Configuration cache entry reused.
