Starting a Gradle Daemon, 2 busy Daemons could not be reused, use --status for details
Killed
